
> test
> jest

node.exe : FAIL lib/riot/client.test.ts
Au caractère Ligne:1 : 1
+ & "C:\Program Files\nodejs/node.exe" "C:\Users\alexa\AppData\Roaming\ ...
+ ~~~~~~~~~~~~~~~~~~~~~~~~~~~~~~~~~~~~~~~~~~~~~~~~~~~~~~~~~~~~~~~~~~~~~
    + CategoryInfo          : NotSpecified: (FAIL lib/riot/client.test.ts:Stri 
   ng) [], RemoteException
    + FullyQualifiedErrorId : NativeCommandError
 
  ÔùÅ riotFetch ÔÇ║ should fetch from the correct Riot API endpoint

    expect(jest.fn()).toHaveBeenCalledWith(...expected)

    Expected: "https://europe.api.riotgames.com/lol/status/v4/platform-data", 
ObjectContaining {"cache": "no-store", "headers": {"X-Riot-Token": undefined}}
    Received: "https://europe.api.riotgames.com//lol/status/v4/platform-data", 
{"cache": "no-store", "headers": {"X-Riot-Token": undefined}}

    Number of calls: 1

    [0m [90m 22 |[39m     [36mawait[39m 
riotFetch([32m'/lol/status/v4/platform-data'[39m)
     [90m 23 |[39m
    [31m[1m>[22m[39m[90m 24 |[39m     
expect(global[33m.[39mfetch)[33m.[39mtoHaveBeenCalledWith(
     [90m    |[39m                          [31m[1m^[22m[39m
     [90m 25 |[39m       [32m'https://europe.api.riotgames.com/lol/status/v4
/platform-data'[39m[33m,[39m
     [90m 26 |[39m       expect[33m.[39mobjectContaining({
     [90m 27 |[39m         headers[33m:[39m {[0m

      at Object.<anonymous> (lib/riot/client.test.ts:24:26)

  ÔùÅ riotFetch ÔÇ║ should handle different API endpoints

    expect(jest.fn()).toHaveBeenCalledWith(...expected)

    Expected: 
"https://europe.api.riotgames.com/lol/match/v5/matches/match-123", Any<Object>
    Received: 
"https://europe.api.riotgames.com//lol/match/v5/matches/match-123", {"cache": 
"no-store", "headers": {"X-Riot-Token": "undefined"}}

    Number of calls: 1

    [0m [90m 143 |[39m       [36mawait[39m riotFetch(endpoint)
     [90m 144 |[39m
    [31m[1m>[22m[39m[90m 145 |[39m       
expect(global[33m.[39mfetch)[33m.[39mtoHaveBeenCalledWith(
     [90m     |[39m                            [31m[1m^[22m[39m
     [90m 146 |[39m         
[32m`https://europe.api.riotgames.com${endpoint}`[39m[33m,[39m
     [90m 147 |[39m         expect[33m.[39many([33mObject[39m)
     [90m 148 |[39m       )[0m

      at Object.<anonymous> (lib/riot/client.test.ts:145:28)

  ÔùÅ riotFetch ÔÇ║ should handle complex JSON responses

    expect(received).toEqual(expected) // deep equality

    - Expected  - 18
    + Received  +  1

    - Object {
    -   "matches": Array [
    -     Object {
    -       "duration": 1800,
    -       "id": "1",
    -       "result": "win",
    -     },
    -     Object {
    -       "duration": 2100,
    -       "id": "2",
    -       "result": "loss",
    -     },
    -   ],
    -   "metadata": Object {
    -     "timestamp": 1779204364810,
    -     "total": 2,
    -   },
    - }
    + Object {}

    [0m [90m 169 |[39m     [36mconst[39m result [33m=[39m 
[36mawait[39m 
riotFetch([32m'/lol/match/v5/matches/by-puuid/puuid-123/ids'[39m)
     [90m 170 |[39m
    [31m[1m>[22m[39m[90m 171 |[39m     
expect(result)[33m.[39mtoEqual(complexResponse)
     [90m     |[39m                    [31m[1m^[22m[39m
     [90m 172 |[39m   })
     [90m 173 |[39m })
     [90m 174 |[39m[0m

      at Object.<anonymous> (lib/riot/client.test.ts:171:20)

PASS app/api/sync/route.test.ts
PASS app/api/insights/route.test.ts
PASS lib/openai/generateSummary.test.ts
PASS app/api/test/route.test.ts
PASS lib/riot/parser.test.ts
PASS lib/riot/insights.test.ts
PASS lib/insights/engine.test.ts

Test Suites: 1 failed, 7 passed, 8 total
Tests:       3 failed, 73 passed, 76 total
Snapshots:   0 total
Time:        0.785 s, estimated 1 s
Ran all test suites.
